[    0.000000] Linux version 4.15.0-166-generic (buildd@lgw01-amd64-012) (gcc version 7.5.0 (Ubuntu 7.5.0-3ubuntu1~18.04)) #174-Ubuntu SMP Wed Dec 8 19:07:44 UTC 2021 (Ubuntu 4.15.0-166.174-generic 4.15.18)
[    0.000000] Command line: BOOT_IMAGE=/boot/vmlinuz-4.15.0-166-generic root=LABEL=cloudimg-rootfs ro console=tty1 console=ttyS0
[    0.000000] KERNEL supported cpus:
[    0.000000]   Intel GenuineIntel
[    0.000000]   AMD AuthenticAMD
[    0.000000]   Centaur CentaurHauls
[    0.000000] x86/fpu: Supporting XSAVE feature 0x001: 'x87 floating point registers'
[    0.000000] x86/fpu: Supporting XSAVE feature 0x002: 'SSE registers'
[    0.000000] x86/fpu: Supporting XSAVE feature 0x004: 'AVX registers'
[    0.000000] x86/fpu: xstate_offset[2]:  576, xstate_sizes[2]:  256
[    0.000000] x86/fpu: Enabled xstate features 0x7, context size is 832 bytes, using 'standard' format.
[    0.000000] e820: BIOS-provided physical RAM map:
[    0.000000] BIOS-e820: [mem 0x0000000000000000-0x000000000009fbff] usable
[    0.000000] BIOS-e820: [mem 0x000000000009fc00-0x000000000009ffff] reserved
[    0.000000] BIOS-e820: [mem 0x00000000000f0000-0x00000000000fffff] reserved
[    0.000000] BIOS-e820: [mem 0x0000000000100000-0x000000001ffeffff] usable
[    0.000000] BIOS-e820: [mem 0x000000001fff0000-0x000000001fffffff] ACPI data
[    0.000000] BIOS-e820: [mem 0x00000000fec00000-0x00000000fec00fff] reserved
[    0.000000] BIOS-e820: [mem 0x00000000fee00000-0x00000000fee00fff] reserved
[    0.000000] BIOS-e820: [mem 0x00000000fffc0000-0x00000000ffffffff] reserved
[    0.000000] NX (Execute Disable) protection: active
[    0.000000] SMBIOS 2.5 present.
[    0.000000] DMI: innotek GmbH VirtualBox/VirtualBox, BIOS VirtualBox 12/01/2006
[    0.000000] Hypervisor detected: KVM
[    0.000000] e820: last_pfn = 0x1fff0 max_arch_pfn = 0x400000000
[    0.000000] MTRR: Disabled
[    0.000000] x86/PAT: MTRRs disabled, skipping PAT initialization too.
[    0.000000] CPU MTRRs all blank - virtualized system.
[    0.000000] x86/PAT: Configuration [0-7]: WB  WT  UC- UC  WB  WT  UC- UC  
[    0.000000] found SMP MP-table at [mem 0x0009fff0-0x0009ffff]
[    0.000000] Scanning 1 areas for low memory corruption
[    0.000000] RAMDISK: [mem 0x1dba4000-0x1eeb3fff]
[    0.000000] ACPI: Early table checksum verification disabled
[    0.000000] ACPI: RSDP 0x00000000000E0000 000024 (v02 VBOX  )
[    0.000000] ACPI: XSDT 0x000000001FFF0030 00003C (v01 VBOX   VBOXXSDT 00000001 ASL  00000061)
[    0.000000] ACPI: FACP 0x000000001FFF00F0 0000F4 (v04 VBOX   VBOXFACP 00000001 ASL  00000061)
[    0.000000] ACPI: DSDT 0x000000001FFF0470 002325 (v02 VBOX   VBOXBIOS 00000002 INTL 20100528)
[    0.000000] ACPI: FACS 0x000000001FFF0200 000040
[    0.000000] ACPI: FACS 0x000000001FFF0200 000040
[    0.000000] ACPI: APIC 0x000000001FFF0240 000054 (v02 VBOX   VBOXAPIC 00000001 ASL  00000061)
[    0.000000] ACPI: SSDT 0x000000001FFF02A0 0001CC (v01 VBOX   VBOXCPUT 00000002 INTL 20100528)
[    0.000000] ACPI: Reserving FACP table memory at [mem 0x1fff00f0-0x1fff01e3]
[    0.000000] ACPI: Reserving DSDT table memory at [mem 0x1fff0470-0x1fff2794]
[    0.000000] ACPI: Reserving FACS table memory at [mem 0x1fff0200-0x1fff023f]
[    0.000000] ACPI: Reserving FACS table memory at [mem 0x1fff0200-0x1fff023f]
[    0.000000] ACPI: Reserving APIC table memory at [mem 0x1fff0240-0x1fff0293]
[    0.000000] ACPI: Reserving SSDT table memory at [mem 0x1fff02a0-0x1fff046b]
[    0.000000] No NUMA configuration found
[    0.000000] Faking a node at [mem 0x0000000000000000-0x000000001ffeffff]
[    0.000000] NODE_DATA(0) allocated [mem 0x1ffc5000-0x1ffeffff]
[    0.000000] kvm-clock: cpu 0, msr 0:1ff44001, primary cpu clock
[    0.000000] kvm-clock: Using msrs 4b564d01 and 4b564d00
[    0.000000] kvm-clock: using sched offset of 3503194480 cycles
[    0.000000] clocksource: kvm-clock: mask: 0xffffffffffffffff max_cycles: 0x1cd42e4dffb, max_idle_ns: 881590591483 ns
[    0.000000] Zone ranges:
[    0.000000]   DMA      [mem 0x0000000000001000-0x0000000000ffffff]
[    0.000000]   DMA32    [mem 0x0000000001000000-0x000000001ffeffff]
[    0.000000]   Normal   empty
[    0.000000]   Device   empty
[    0.000000] Movable zone start for each node
[    0.000000] Early memory node ranges
[    0.000000]   node   0: [mem 0x0000000000001000-0x000000000009efff]
[    0.000000]   node   0: [mem 0x0000000000100000-0x000000001ffeffff]
[    0.000000] Reserved but unavailable: 104 pages
[    0.000000] Initmem setup node 0 [mem 0x0000000000001000-0x000000001ffeffff]
[    0.000000] ACPI: PM-Timer IO Port: 0x4008
[    0.000000] IOAPIC[0]: apic_id 1, version 32, address 0xfec00000, GSI 0-23
[    0.000000] ACPI: INT_SRC_OVR (bus 0 bus_irq 0 global_irq 2 dfl dfl)
[    0.000000] ACPI: INT_SRC_OVR (bus 0 bus_irq 9 global_irq 9 low level)
[    0.000000] Using ACPI (MADT) for SMP configuration information
[    0.000000] smpboot: Allowing 1 CPUs, 0 hotplug CPUs
[    0.000000] PM: Registered nosave memory: [mem 0x00000000-0x00000fff]
[    0.000000] PM: Registered nosave memory: [mem 0x0009f000-0x0009ffff]
[    0.000000] PM: Registered nosave memory: [mem 0x000a0000-0x000effff]
[    0.000000] PM: Registered nosave memory: [mem 0x000f0000-0x000fffff]
[    0.000000] e820: [mem 0x20000000-0xfebfffff] available for PCI devices
[    0.000000] Booting paravirtualized kernel on KVM
[    0.000000] clocksource: refined-jiffies: mask: 0xffffffff max_cycles: 0xffffffff, max_idle_ns: 7645519600211568 ns
[    0.000000] random: get_random_bytes called from start_kernel+0x99/0x500 with crng_init=0
[    0.000000] setup_percpu: NR_CPUS:8192 nr_cpumask_bits:1 nr_cpu_ids:1 nr_node_ids:1
[    0.000000] percpu: Embedded 45 pages/cpu s147456 r8192 d28672 u2097152
[    0.000000] PV qspinlock hash table entries: 256 (order: 0, 4096 bytes)
[    0.000000] Built 1 zonelists, mobility grouping on.  Total pages: 128889
[    0.000000] Policy zone: DMA32
[    0.000000] Kernel command line: BOOT_IMAGE=/boot/vmlinuz-4.15.0-166-generic root=LABEL=cloudimg-rootfs ro console=tty1 console=ttyS0
[    0.000000] Memory: 466800K/523832K available (12300K kernel code, 2483K rwdata, 4320K rodata, 2448K init, 2724K bss, 57032K reserved, 0K cma-reserved)
[    0.000000] SLUB: HWalign=64, Order=0-3, MinObjects=0, CPUs=1, Nodes=1
[    0.000000] Kernel/User page tables isolation: enabled
[    0.000000] ftrace: allocating 39491 entries in 155 pages
[    0.004000] Hierarchical RCU implementation.
[    0.004000] 	RCU restricting CPUs from NR_CPUS=8192 to nr_cpu_ids=1.
[    0.004000] 	Tasks RCU enabled.
[    0.004000] RCU: Adjusting geometry for rcu_fanout_leaf=16, nr_cpu_ids=1
[    0.004000] NR_IRQS: 524544, nr_irqs: 256, preallocated irqs: 16
[    0.004000] Console: colour VGA+ 80x25
[    0.004000] console [tty1] enabled
[    0.004000] console [ttyS0] enabled
[    0.004000] ACPI: Core revision 20170831
[    0.004000] ACPI: 2 ACPI AML tables successfully acquired and loaded
[    0.004000] APIC: Switch to symmetric I/O mode setup
[    0.004000] x2apic enabled
[    0.004000] Switched APIC routing to physical x2apic.
[    0.004000] ..TIMER: vector=0x30 apic1=0 pin1=2 apic2=-1 pin2=-1
[    0.004003] tsc: Detected 2592.002 MHz processor
[    0.004764] Calibrating delay loop (skipped) preset value.. 5184.00 BogoMIPS (lpj=10368008)
[    0.005371] pid_max: default: 32768 minimum: 301
[    0.006270] Security Framework initialized
[    0.008002] Yama: becoming mindful.
[    0.008636] AppArmor: AppArmor initialized
[    0.009426] Dentry cache hash table entries: 65536 (order: 7, 524288 bytes)
[    0.010579] Inode-cache hash table entries: 32768 (order: 6, 262144 bytes)
[    0.011694] Mount-cache hash table entries: 1024 (order: 1, 8192 bytes)
[    0.012003] Mountpoint-cache hash table entries: 1024 (order: 1, 8192 bytes)
[    0.013405] process: using mwait in idle threads
[    0.014329] Last level iTLB entries: 4KB 64, 2MB 8, 4MB 8
[    0.016001] Last level dTLB entries: 4KB 64, 2MB 0, 4MB 0, 1GB 4
[    0.017044] Spectre V1 : Mitigation: usercopy/swapgs barriers and __user pointer sanitization
[    0.018505] Spectre V2 : Mitigation: Full generic retpoline
[    0.019514] Spectre V2 : Spectre v2 / SpectreRSB mitigation: Filling RSB on context switch
[    0.020001] Speculative Store Bypass: Vulnerable
[    0.020818] SRBDS: Unknown: Dependent on hypervisor status
[    0.021720] MDS: Mitigation: Clear CPU buffers
[    0.035114] Freeing SMP alternatives memory: 36K
[    0.145257] smpboot: CPU0: Intel(R) Core(TM) i7-9750H CPU @ 2.60GHz (family: 0x6, model: 0x9e, stepping: 0xa)
[    0.146941] Performance Events: unsupported p6 CPU model 158 no PMU driver, software events only.
[    0.148000] Hierarchical SRCU implementation.
[    0.148301] NMI watchdog: Perf event create on CPU 0 failed with -2
[    0.149326] NMI watchdog: Perf NMI watchdog permanently disabled
[    0.150340] smp: Bringing up secondary CPUs ...
[    0.151111] smp: Brought up 1 node, 1 CPU
[    0.151801] smpboot: Max logical packages: 1
[    0.152003] smpboot: Total of 1 processors activated (5184.00 BogoMIPS)
[    0.153826] devtmpfs: initialized
[    0.154658] x86/mm: Memory block size: 128MB
[    0.156098] evm: security.selinux
[    0.156970] evm: security.SMACK64
[    0.157651] evm: security.SMACK64EXEC
[    0.158243] evm: security.SMACK64TRANSMUTE
[    0.158868] evm: security.SMACK64MMAP
[    0.159435] evm: security.apparmor
[    0.160003] evm: security.ima
[    0.160483] evm: security.capability
[    0.161129] clocksource: jiffies: mask: 0xffffffff max_cycles: 0xffffffff, max_idle_ns: 7645041785100000 ns
[    0.162548] futex hash table entries: 256 (order: 2, 16384 bytes)
[    0.164034] pinctrl core: initialized pinctrl subsystem
[    0.165326] RTC time:  9:08:24, date: 01/14/22
[    0.166057] NET: Registered protocol family 16
[    0.166786] audit: initializing netlink subsys (disabled)
[    0.168097] cpuidle: using governor ladder
[    0.168738] cpuidle: using governor menu
[    0.169361] ACPI: bus type PCI registered
[    0.169940] acpiphp: ACPI Hot Plug PCI Controller Driver version: 0.5
[    0.170902] PCI: Using configuration type 1 for base access
[    0.171741] audit: type=2000 audit(1642151309.597:1): state=initialized audit_enabled=0 res=1
[    0.172880] HugeTLB registered 2.00 MiB page size, pre-allocated 0 pages
[    0.173970] ACPI: Added _OSI(Module Device)
[    0.174594] ACPI: Added _OSI(Processor Device)
[    0.176003] ACPI: Added _OSI(3.0 _SCP Extensions)
[    0.176673] ACPI: Added _OSI(Processor Aggregator Device)
[    0.177428] ACPI: Added _OSI(Linux-Dell-Video)
[    0.178063] ACPI: Added _OSI(Linux-Lenovo-NV-HDMI-Audio)
[    0.178804] ACPI: Added _OSI(Linux-HPI-Hybrid-Graphics)
[    0.180253] ACPI: Executed 1 blocks of module-level executable AML code
[    0.184446] ACPI: Interpreter enabled
[    0.185031] ACPI: (supports S0 S5)
[    0.185698] ACPI: Using IOAPIC for interrupt routing
[    0.186838] PCI: Using host bridge windows from ACPI; if necessary, use "pci=nocrs" and report a bug
[    0.188145] ACPI: Enabled 2 GPEs in block 00 to 07
[    0.195179] ACPI: PCI Root Bridge [PCI0] (domain 0000 [bus 00-ff])
[    0.196006] acpi PNP0A03:00: _OSC: OS supports [ASPM ClockPM Segments MSI]
[    0.197603] acpi PNP0A03:00: _OSC: not requesting OS control; OS requires [ExtendedConfig ASPM ClockPM MSI]
[    0.199239] acpi PNP0A03:00: fail to add MMCONFIG information, can't access extended PCI configuration space under this bridge.
[    0.200352] PCI host bridge to bus 0000:00
[    0.201075] pci_bus 0000:00: root bus resource [io  0x0000-0x0cf7 window]
[    0.202177] pci_bus 0000:00: root bus resource [io  0x0d00-0xffff window]
[    0.204002] pci_bus 0000:00: root bus resource [mem 0x000a0000-0x000bffff window]
[    0.205762] pci_bus 0000:00: root bus resource [mem 0x20000000-0xfdffffff window]
[    0.207081] pci_bus 0000:00: root bus resource [bus 00-ff]
[    0.209711] pci 0000:00:01.1: legacy IDE quirk: reg 0x10: [io  0x01f0-0x01f7]
[    0.210963] pci 0000:00:01.1: legacy IDE quirk: reg 0x14: [io  0x03f6]
[    0.212002] pci 0000:00:01.1: legacy IDE quirk: reg 0x18: [io  0x0170-0x0177]
[    0.213151] pci 0000:00:01.1: legacy IDE quirk: reg 0x1c: [io  0x0376]
[    0.222636] pci 0000:00:07.0: quirk: [io  0x4000-0x403f] claimed by PIIX4 ACPI
[    0.223898] pci 0000:00:07.0: quirk: [io  0x4100-0x410f] claimed by PIIX4 SMB
[    0.228464] ACPI: PCI Interrupt Link [LNKA] (IRQs 5 9 10 *11)
[    0.229767] ACPI: PCI Interrupt Link [LNKB] (IRQs 5 9 *10 11)
[    0.230860] ACPI: PCI Interrupt Link [LNKC] (IRQs 5 *9 10 11)
[    0.231938] ACPI: PCI Interrupt Link [LNKD] (IRQs 5 9 10 *11)
[    0.232289] SCSI subsystem initialized
[    0.233058] pci 0000:00:02.0: vgaarb: setting as boot VGA device
[    0.234075] pci 0000:00:02.0: vgaarb: VGA device added: decodes=io+mem,owns=io+mem,locks=none
[    0.236002] pci 0000:00:02.0: vgaarb: bridge control possible
[    0.236992] vgaarb: loaded
[    0.237636] ACPI: bus type USB registered
[    0.238397] usbcore: registered new interface driver usbfs
[    0.239354] usbcore: registered new interface driver hub
[    0.240009] usbcore: registered new device driver usb
[    0.240929] EDAC MC: Ver: 3.0.0
[    0.241739] PCI: Using ACPI for IRQ routing
[    0.242712] NetLabel: Initializing
[    0.244002] NetLabel:  domain hash size = 128
[    0.244785] NetLabel:  protocols = UNLABELED CIPSOv4 CALIPSO
[    0.245762] NetLabel:  unlabeled traffic allowed by default
[    0.246799] clocksource: Switched to clocksource kvm-clock
[    0.261403] VFS: Disk quotas dquot_6.6.0
[    0.262177] VFS: Dquot-cache hash table entries: 512 (order 0, 4096 bytes)
[    0.263446] AppArmor: AppArmor Filesystem Enabled
[    0.264342] pnp: PnP ACPI init
[    0.265951] pnp: PnP ACPI: found 3 devices
[    0.271970] clocksource: acpi_pm: mask: 0xffffff max_cycles: 0xffffff, max_idle_ns: 2085701024 ns
[    0.273594] NET: Registered protocol family 2
[    0.274402] IP idents hash table entries: 8192 (order: 4, 65536 bytes)
[    0.275627] TCP established hash table entries: 4096 (order: 3, 32768 bytes)
[    0.276887] TCP bind hash table entries: 4096 (order: 4, 65536 bytes)
[    0.278011] TCP: Hash tables configured (established 4096 bind 4096)
[    0.279112] UDP hash table entries: 256 (order: 1, 8192 bytes)
[    0.280108] UDP-Lite hash table entries: 256 (order: 1, 8192 bytes)
[    0.281342] NET: Registered protocol family 1
[    0.282118] pci 0000:00:00.0: Limiting direct PCI/PCI transfers
[    0.283144] pci 0000:00:01.0: Activating ISA DMA hang workarounds
[    0.284249] pci 0000:00:02.0: Video device with shadowed ROM at [mem 0x000c0000-0x000dffff]
[    0.285792] Unpacking initramfs...
[    0.545120] Freeing initrd memory: 19520K
[    0.545950] clocksource: tsc: mask: 0xffffffffffffffff max_cycles: 0x255cb8d7d74, max_idle_ns: 440795265546 ns
[    0.547640] platform rtc_cmos: registered platform RTC device (no PNP device found)
[    0.548981] Scanning for low memory corruption every 60 seconds
[    0.550521] Initialise system trusted keyrings
[    0.551287] Key type blacklist registered
[    0.552011] workingset: timestamp_bits=36 max_order=17 bucket_order=0
[    0.553937] zbud: loaded
[    0.554804] squashfs: version 4.0 (2009/01/31) Phillip Lougher
[    0.555858] fuse init (API version 7.26)
[    0.557123] Key type asymmetric registered
[    0.557887] Asymmetric key parser 'x509' registered
[    0.558779] Block layer SCSI generic (bsg) driver version 0.4 loaded (major 246)
[    0.560030] io scheduler noop registered
[    0.560744] io scheduler deadline registered
[    0.561498] io scheduler cfq registered (default)
[    0.562490] ACPI: AC Adapter [AC] (on-line)
[    0.563248] input: Power Button as /devices/LNXSYSTM:00/LNXPWRBN:00/input/input0
[    0.564522] ACPI: Power Button [PWRF]
[    0.565213] input: Sleep Button as /devices/LNXSYSTM:00/LNXSLPBN:00/input/input1
[    0.566421] ACPI: Sleep Button [SLPF]
[    0.567846] ACPI: Battery Slot [BAT0] (battery present)
[    0.568880] Serial: 8250/16550 driver, 32 ports, IRQ sharing enabled
[    0.590682] 00:02: ttyS0 at I/O 0x3f8 (irq = 4, base_baud = 115200) is a 16550A
[    0.593109] Linux agpgart interface v0.103
[    0.608621] loop: module loaded
[    0.609559] scsi host0: ata_piix
[    0.610179] scsi host1: ata_piix
[    0.610787] ata1: PATA max UDMA/33 cmd 0x1f0 ctl 0x3f6 bmdma 0xd000 irq 14
[    0.611959] ata2: PATA max UDMA/33 cmd 0x170 ctl 0x376 bmdma 0xd008 irq 15
[    0.613595] libphy: Fixed MDIO Bus: probed
[    0.614325] tun: Universal TUN/TAP device driver, 1.6
[    0.615209] PPP generic driver version 2.4.2
[    0.615982] ehci_hcd: USB 2.0 'Enhanced' Host Controller (EHCI) Driver
[    0.617225] ehci-pci: EHCI PCI platform driver
[    0.617989] ehci-platform: EHCI generic platform driver
[    0.618870] ohci_hcd: USB 1.1 'Open' Host Controller (OHCI) Driver
[    0.619883] ohci-pci: OHCI PCI platform driver
[    0.620661] ohci-platform: OHCI generic platform driver
[    0.621562] uhci_hcd: USB Universal Host Controller Interface driver
[    0.622697] i8042: PNP: PS/2 Controller [PNP0303:PS2K,PNP0f03:PS2M] at 0x60,0x64 irq 1,12
[    0.624530] serio: i8042 KBD port at 0x60,0x64 irq 1
[    0.625501] serio: i8042 AUX port at 0x60,0x64 irq 12
[    0.626482] mousedev: PS/2 mouse device common for all mice
[    0.627667] input: AT Translated Set 2 keyboard as /devices/platform/i8042/serio0/input/input2
[    0.629390] rtc_cmos rtc_cmos: rtc core: registered rtc_cmos as rtc0
[    0.630506] rtc_cmos rtc_cmos: alarms up to one day, 114 bytes nvram
[    0.631532] i2c /dev entries driver
[    0.632200] device-mapper: uevent: version 1.0.3
[    0.633074] device-mapper: ioctl: 4.37.0-ioctl (2017-09-20) initialised: dm-devel@redhat.com
[    0.634452] ledtrig-cpu: registered to indicate activity on CPUs
[    0.635502] intel_pmc_core:  initialized
[    0.636327] NET: Registered protocol family 10
[    0.639388] Segment Routing with IPv6
[    0.640032] NET: Registered protocol family 17
[    0.640828] Key type dns_resolver registered
[    0.641632] mce: Using 0 MCE banks
[    0.642232] RAS: Correctable Errors collector initialized.
[    0.643145] sched_clock: Marking stable (640797900, 0)->(794487795, -153689895)
[    0.645144] registered taskstats version 1
[    0.645890] Loading compiled-in X.509 certificates
[    0.648196] Loaded X.509 cert 'Build time autogenerated kernel key: 408b96eb428cbe545a63e9a677d083d5c6df802b'
[    0.650249] Loaded X.509 cert 'Canonical Ltd. Live Patch Signing: 14df34d1a87cf37625abec039ef2bf521249b969'
[    0.652218] Loaded X.509 cert 'Canonical Ltd. Kernel Module Signing: 88f752e560a1e0737e31163a466ad7b70a850c19'
[    0.653863] blacklist: Loading compiled-in revocation X.509 certificates
[    0.655121] Loaded X.509 cert 'Canonical Ltd. Secure Boot Signing: 61482aa2830d0ab2ad5af10b7250da9033ddcef0'
[    0.656786] zswap: loaded using pool lzo/zbud
[    0.659597] Key type big_key registered
[    0.660281] Key type trusted registered
[    0.661961] Key type encrypted registered
[    0.662663] AppArmor: AppArmor sha1 policy hashing enabled
[    0.663564] ima: No TPM chip found, activating TPM-bypass! (rc=-19)
[    0.664622] ima: Allocated hash algorithm: sha1
[    0.665457] evm: HMAC attrs: 0x1
[    0.666212]   Magic number: 6:39:121
[    0.666913] rtc_cmos rtc_cmos: setting system clock to 2022-01-14 09:08:25 UTC (1642151305)
[    0.668369] BIOS EDD facility v0.16 2004-Jun-25, 0 devices found
[    0.669354] EDD information not available.
[    0.798778] Freeing unused kernel image memory: 2448K
[    0.808028] Write protecting the kernel read-only data: 20480k
[    0.809450] Freeing unused kernel image memory: 2008K
[    0.810821] Freeing unused kernel image memory: 1824K
[    0.818704] x86/mm: Checked W+X mappings: passed, no W+X pages found.
[    0.819752] x86/mm: Checking user space page tables
[    0.827338] x86/mm: Checked W+X mappings: passed, no W+X pages found.
Loading, please wait...
starting version 237
[    0.913990] e1000: Intel(R) PRO/1000 Network Driver - version 7.3.21-k8-NAPI
[    0.915170] e1000: Copyright (c) 1999-2006 Intel Corporation.
[    0.918091] Fusion MPT base driver 3.04.20
[    0.918790] Copyright (c) 1999-2008 LSI Corporation
[    0.926338] Fusion MPT SPI Host driver 3.04.20
[    0.941347] AVX2 version of gcm_enc/dec engaged.
[    0.942178] AES CTR mode by8 optimization enabled
[    1.133095] input: ImExPS/2 Generic Explorer Mouse as /devices/platform/i8042/serio1/input/input4
[    1.303690] e1000 0000:00:03.0 eth0: (PCI:33MHz:32-bit) 02:0f:94:a1:da:7f
[    1.304911] e1000 0000:00:03.0 eth0: Intel(R) PRO/1000 Network Connection
[    1.307564] e1000 0000:00:03.0 enp0s3: renamed from eth0
[    1.309416] mptbase: ioc0: Initiating bringup
[    1.404537] ioc0: LSI53C1030 A0: Capabilities={Initiator}
[    1.654823] scsi host2: ioc0: LSI53C1030 A0, FwRev=00000000h, Ports=1, MaxQ=256, IRQ=20
[    1.829143] scsi 2:0:0:0: Direct-Access     VBOX     HARDDISK         1.0  PQ: 0 ANSI: 5
[    1.830677] scsi target2:0:0: Beginning Domain Validation
[    1.833694] scsi target2:0:0: Domain Validation skipping write tests
[    1.834814] scsi target2:0:0: Ending Domain Validation
[    1.835806] scsi target2:0:0: asynchronous
[    1.837317] scsi 2:0:1:0: Direct-Access     VBOX     HARDDISK         1.0  PQ: 0 ANSI: 5
[    1.838765] scsi target2:0:1: Beginning Domain Validation
[    1.839809] random: fast init done
[    1.842241] scsi target2:0:1: Domain Validation skipping write tests
[    1.843308] scsi target2:0:1: Ending Domain Validation
[    1.844237] scsi target2:0:1: asynchronous
[    1.849098] random: systemd-udevd: uninitialized urandom read (16 bytes read)
[    1.850304] random: systemd-udevd: uninitialized urandom read (16 bytes read)
[    1.852151] random: systemd-udevd: uninitialized urandom read (16 bytes read)
[    1.853565] sd 2:0:0:0: Attached scsi generic sg0 type 0
[    1.854707] sd 2:0:1:0: Attached scsi generic sg1 type 0
[    1.855758] sd 2:0:0:0: [sda] 83886080 512-byte logical blocks: (42.9 GB/40.0 GiB)
[    1.857297] sd 2:0:1:0: [sdb] 20480 512-byte logical blocks: (10.5 MB/10.0 MiB)
[    1.858539] sd 2:0:0:0: [sda] Write Protect is off
[    1.859417] sd 2:0:1:0: [sdb] Write Protect is off
[    1.860780] sd 2:0:0:0: [sda] Incomplete mode parameter data
[    1.861792] sd 2:0:0:0: [sda] Assuming drive cache: write through
[    1.862828] sd 2:0:1:0: [sdb] Incomplete mode parameter data
[    1.863784] sd 2:0:1:0: [sdb] Assuming drive cache: write through
[    1.868101]  sda: sda1
[    1.869534] sd 2:0:0:0: [sda] Attached SCSI disk
[    1.871122] sd 2:0:1:0: [sdb] Attached SCSI disk
Begin: Loading essential drivers ... [    3.292046] raid6: sse2x1   gen() 14505 MB/s
[    3.340051] raid6: sse2x1   xor() 10502 MB/s
[    3.388065] raid6: sse2x2   gen() 17671 MB/s
[    3.436050] raid6: sse2x2   xor() 12281 MB/s
[    3.484049] raid6: sse2x4   gen() 20704 MB/s
[    3.532053] raid6: sse2x4   xor() 12094 MB/s
[    3.580111] raid6: avx2x1   gen() 28803 MB/s
[    3.628042] raid6: avx2x1   xor() 19938 MB/s
[    3.676062] raid6: avx2x2   gen() 32738 MB/s
[    3.724039] raid6: avx2x2   xor() 21240 MB/s
[    3.772049] raid6: avx2x4   gen() 39985 MB/s
[    3.820037] raid6: avx2x4   xor() 24094 MB/s
[    3.820785] raid6: using algorithm avx2x4 gen() 39985 MB/s
[    3.821658] raid6: .... xor() 24094 MB/s, rmw enabled
[    3.822500] raid6: using avx2x2 recovery algorithm
[    3.824627] xor: automatically using best checksumming function   avx       
[    3.826754] async_tx: api initialized (async)
done.
Begin: Running /scripts/init-premount ... done.
Begin: Mounting root file system ... Begin: Running /scripts/local-top ... done.
Begin: Running /scripts/local-premount ... [    3.869494] Btrfs loaded, crc32c=crc32c-intel
Scanning for Btrfs filesystems
done.
Warning: fsck not present, so skipping root file system
[    3.894674] EXT4-fs (sda1): mounted filesystem with ordered data mode. Opts: (null)
done.
Begin: Running /scripts/local-bottom ... done.
Begin: Running /scripts/init-bottom ... done.
[    4.026161] ip_tables: (C) 2000-2006 Netfilter Core Team
[    4.033001] systemd[1]: systemd 237 running in system mode. (+PAM +AUDIT +SELINUX +IMA +APPARMOR +SMACK +SYSVINIT +UTMP +LIBCRYPTSETUP +GCRYPT +GNUTLS +ACL +XZ +LZ4 +SECCOMP +BLKID +ELFUTILS +KMOD -IDN2 +IDN -PCRE2 default-hierarchy=hybrid)
[    4.035954] systemd[1]: Detected virtualization oracle.
[    4.036762] systemd[1]: Detected architecture x86-64.

Welcome to [1mUbuntu 18.04.6 LTS[0m!

[    4.040463] systemd[1]: Set hostname to <ubuntu>.
[    4.043139] systemd[1]: Initializing machine ID from random generator.
[    4.044091] systemd[1]: Installed transient /etc/machine-id file.
[    4.268508] systemd[1]: Reached target System Time Synchronized.
[[0;32m  OK  [0m] Reached target System Time Synchronized.
[    4.270149] systemd[1]: Reached target User and Group Name Lookups.
[[0;32m  OK  [0m] Reached target User and Group Name Lookups.
[    4.272286] systemd[1]: Created slice User and Session Slice.
[[0;32m  OK  [0m] Created slice User and Session Slice.
[    4.273917] systemd[1]: Set up automount Arbitrary Executable File Formats File System Automount Point.
[[0;32m  OK  [0m] Set up automount Arbitrary Executabâ€¦rmats File System Automount Point.
[[0;32m  OK  [0m] Reached target Swap.
[[0;32m  OK  [0m] Started Forward Password Requests to Wall Directory Watch.
[[0;32m  OK  [0m] Created slice System Slice.
[[0;32m  OK  [0m] Listening on LVM2 metadata daemon socket.
[[0;32m  OK  [0m] Created slice system-serial\x2dgetty.slice.
[[0;32m  OK  [0m] Listening on Network Service Netlink Socket.
[[0;32m  OK  [0m] Listening on udev Kernel Socket.
[[0;32m  OK  [0m] Listening on Journal Socket (/dev/log).
[[0;32m  OK  [0m] Listening on udev Control Socket.
[[0;32m  OK  [0m] Listening on Device-mapper event daemon FIFOs.
[[0;32m  OK  [0m] Listening on Journal Socket.
         Starting Uncomplicated firewall...
         Mounting Kernel Debug File System...
         Starting udev Coldplug all Devices...
         Mounting POSIX Message Queue File System...
         Mounting Huge Pages File System...
         Starting Create list of required stâ€¦ce nodes for the current kernel...
[[0;32m  OK  [0m] Listening on Syslog Socket.
[[0;32m  OK  [0m] Reached target Slices.
         Starting Set the console keyboard layout...
         Starting Load Kernel Modules...
[[0;32m  OK  [0m] Listening on /dev/initctl Compatibility Named Pipe.
[[0;32m  OK  [0m] Listening on fsck to fsckd communication Socket.
         Starting File System Check on Root Device...
[[0;32m  OK  [0m] Listening on Journal Audit Socket.
         Starting Journal Service...
[[0;32m  OK  [0m] Listening on LVM2 poll daemon socket.
         Starting Monitoring of LVM2 mirrorsâ€¦ng dmeventd or progress polling...
[[0;32m  OK  [0m] Started Uncomplicated firewall.
[[0;32m  OK  [0m] Mounted Kernel Debug File System.
[[0;32m  OK  [0m] Mounted POSIX Message Queue File System.
[[0;32m  OK  [0m] Mounted Huge Pages File System.
[[0;32m  OK  [0m] Started Create list of required staâ€¦vice nodes for the current kernel.
[[0;32m  OK  [0m] Started File System Check Daemon to report status.
         Starting Create Static Device Nodes in /dev...
[[0;32m  OK  [0m] Started LVM2 metadata daemon.
[    4.472415] Loading iSCSI transport class v2.0-870.
[    4.479513] iscsi: registered transport (tcp)
[[0;32m  OK  [0m] Started udev Coldplug all Devices.
[[0;32m  OK  [0m] Started Create Static Device Nodes in /dev.
[[0;32m  OK  [0m] Started Journal Service.
[[0;32m  OK  [0m] Started File System Check on Root Device.
         Starting Remount Root and Kernel File Systems...
[    4.570072] iscsi: registered transport (iser)
[[0;32m  OK  [0m] Started Load Kernel Modules.
         Mounting Kernel Configuration File System...
         Starting Apply Kernel Variables...
         Mounting FUSE Control File System...
[[0;32m  OK  [0m] Started Monitoring of LVM2 mirrors,â€¦sing dmeventd or progress polling.
[[0;32m  OK  [0m] Mounted Kernel Configuration File System.
[[0;32m  OK  [0m] Mounted FUSE Control File System.
[[0;32m  OK  [0m] Started Remount Root and Kernel File Systems.
[[0;32m  OK  [0m] Started Apply Kernel Variables.
         Starting Flush Journal to Persistent Storage...
         Starting Load/Save Random Seed...
         Starting udev Kernel Device Manager...
[[0;32m  OK  [0m] Started Load/Save Random Seed.
[[0;32m  OK  [0m] Started udev Kernel Device Manager.
[[0;32m  OK  [0m] Started Flush Journal to Persistent Storage.
[[0;32m  OK  [0m] Started Set the console keyboard layout.
[[0;32m  OK  [0m] Started Dispatch Password Requests to Console Directory Watch.
[[0;32m  OK  [0m] Reached target Local Encrypted Volumes.
[[0;32m  OK  [0m] Reached target Local File Systems (Pre).
[[0;32m  OK  [0m] Reached target Local File Systems.
         Starting ebtables ruleset management...
         Starting Set console font and keymap...
         Starting AppArmor initialization...
         Starting Create Volatile Files and Directories...
         Starting Commit a transient machine-id on disk...
         Starting Tell Plymouth To Write Out Runtime Data...
[[0;32m  OK  [0m] Started Set console font and keymap.
[[0;32m  OK  [0m] Started Create Volatile Files and Directories.
         Starting Update UTMP about System Boot/Shutdown...
[[0;32m  OK  [0m] Started Commit a transient machine-id on disk.
[[0;32m  OK  [0m] Started Tell Plymouth To Write Out Runtime Data.
[[0;32m  OK  [0m] Started Update UTMP about System Boot/Shutdown.
[[0;32m  OK  [0m] Started ebtables ruleset management.
[[0;32m  OK  [0m] Found device /dev/ttyS0.
[[0;32m  OK  [0m] Listening on Load/Save RF Kill Switch Status /dev/rfkill Watch.
[[0;32m  OK  [0m] Started AppArmor initialization.
         Starting Load AppArmor profiles managed internally by snapd...
         Starting Initial cloud-init job (pre-networking)...
[[0;32m  OK  [0m] Started Load AppArmor profiles managed internally by snapd.
[    8.109180] cloud-init[567]: Cloud-init v. 21.4-0ubuntu1~18.04.1 running 'init-local' at Fri, 14 Jan 2022 09:08:32 +0000. Up 7.76 seconds.
[[0;32m  OK  [0m] Started Initial cloud-init job (pre-networking).
[[0;32m  OK  [0m] Reached target Network (Pre).
         Starting Network Service...
[[0;32m  OK  [0m] Started Network Service.
         Starting Network Name Resolution...
         Starting Wait for Network to be Configured...
[[0;32m  OK  [0m] Started Network Name Resolution.
[[0;32m  OK  [0m] Reached target Network.
[[0;32m  OK  [0m] Reached target Host and Network Name Lookups.
[[0;32m  OK  [0m] Started Wait for Network to be Configured.
         Starting Initial cloud-init job (metadata service crawler)...
[   10.254109] cloud-init[635]: Cloud-init v. 21.4-0ubuntu1~18.04.1 running 'init' at Fri, 14 Jan 2022 09:08:34 +0000. Up 10.08 seconds.
[   10.254925] cloud-init[635]: ci-info: +++++++++++++++++++++++++++++++++++++Net device info++++++++++++++++++++++++++++++++++++++
[   10.255831] cloud-init[635]: ci-info: +--------+------+---------------------------+---------------+--------+-------------------+
[   10.257865] cloud-init[635]: ci-info: | Device |  Up  |          Address          |      Mask     | Scope  |     Hw-Address    |
[   10.260086] cloud-init[635]: ci-info: +--------+------+---------------------------+---------------+--------+-------------------+
[   10.262503] cloud-init[635]: ci-info: | enp0s3 | True |         10.0.2.15         | 255.255.255.0 | global | 02:0f:94:a1:da:7f |
[   10.265018] cloud-init[635]: ci-info: | enp0s3 | True | fe80::f:94ff:fea1:da7f/64 |       .       |  link  | 02:0f:94:a1:da:7f |
[   10.266602] cloud-init[635]: ci-info: |   lo   | True |         127.0.0.1         |   255.0.0.0   |  host  |         .         |
[   10.268092] cloud-init[635]: ci-info: |   lo   | True |          ::1/128          |       .       |  host  |         .         |
[   10.269556] cloud-init[635]: ci-info: +--------+------+---------------------------+---------------+--------+-------------------+
[   10.272226] cloud-init[635]: ci-info: ++++++++++++++++++++++++++++Route IPv4 info+++++++++++++++++++++++++++++
[   10.273600] cloud-init[635]: ci-info: +-------+-------------+----------+-----------------+-----------+-------+
[   10.277323] cloud-init[635]: ci-info: | Route | Destination | Gateway  |     Genmask     | Interface | Flags |
[   10.279673] cloud-init[635]: ci-info: +-------+-------------+----------+-----------------+-----------+-------+
[   10.282308] cloud-init[635]: ci-info: |   0   |   0.0.0.0   | 10.0.2.2 |     0.0.0.0     |   enp0s3  |   UG  |
[   10.284083] cloud-init[635]: ci-info: |   1   |   10.0.2.0  | 0.0.0.0  |  255.255.255.0  |   enp0s3  |   U   |
[   10.285435] cloud-init[635]: ci-info: |   2   |   10.0.2.2  | 0.0.0.0  | 255.255.255.255 |   enp0s3  |   UH  |
[   10.286983] cloud-init[635]: ci-info: +-------+-------------+----------+-----------------+-----------+-------+
[   10.288897] cloud-init[635]: ci-info: +++++++++++++++++++Route IPv6 info+++++++++++++++++++
[   10.290987] cloud-init[635]: ci-info: +-------+-------------+---------+-----------+-------+
[   10.296148] cloud-init[635]: ci-info: | Route | Destination | Gateway | Interface | Flags |
[   10.308131] cloud-init[635]: ci-info: +-------+-------------+---------+-----------+-------+
[   10.309156] cloud-init[635]: ci-info: |   1   |  fe80::/64  |    ::   |   enp0s3  |   U   |
[   10.310177] cloud-init[635]: ci-info: |   3   |    local    |    ::   |   enp0s3  |   U   |
[   10.311727] cloud-init[635]: ci-info: |   4   |   ff00::/8  |    ::   |   enp0s3  |   U   |
[   10.313856] cloud-init[635]: ci-info: +-------+-------------+---------+-----------+-------+
[   11.031391] cloud-init[635]: Generating public/private rsa key pair.
[   11.040192] cloud-init[635]: Your identification has been saved in /etc/ssh/ssh_host_rsa_key.
[   11.040746] cloud-init[635]: Your public key has been saved in /etc/ssh/ssh_host_rsa_key.pub.
[   11.052133] cloud-init[635]: The key fingerprint is:
[   11.052549] cloud-init[635]: SHA256:z7bQ9vQ2aFp6pdiaA1qO1/p3L2SdOPNoHxDO/tvLpxU root@ubuntu-bionic
[   11.064187] cloud-init[635]: The key's randomart image is:
[   11.064627] cloud-init[635]: +---[RSA 2048]----+
[   11.076190] cloud-init[635]: |                 |
[[0;32m  OK  [0m] Started Initial cloud-init job (metadata service crawler).
[[0;32m  OK  [0m] Reached target Cloud-config availability.
[[0;32m  OK  [0m] Reached target System Initialization.
         Starting Socket activation for snappy daemon.
[[0;32m  OK  [0m] Started Ubuntu Advantage Timer for running repeated jobs.
[[0;32m  OK  [0m] Listening on Open-iSCSI iscsid Socket.
[   11.091526] cloud-init[635]: |                 |
         Starting LXD - unix socket.
[[0;32m  OK  [0m] Listening on D-Bus System Message Bus Socket.
[[0;32m  OK  [0m] Started Daily apt download activities.
[[0;32m  OK  [0m] Started Daily Cleanup of Temporary Directories.
[   11.122165] cloud-init[635]: |             .   |
[   11.148806] cloud-init[635]: |            o .  |
[[0;32m  OK  [0m] Started ACPI Events Check.
[[0;32m  OK  [0m] Started Message of the Day.
[[0;32m  OK  [0m] Started Daily apt upgrade and clean activities.
[[0;32m  OK  [0m] Listening on UUID daemon activation socket.
[   11.151915] cloud-init[635]: |        S    +.E.|
[   11.196593] cloud-init[635]: |        o+  .+=.o|
[   11.197015] cloud-init[635]: |       =.o*ooB=..|
[   11.208547] cloud-init[635]: |      o o++BB+Bo+|
[   11.208981] cloud-init[635]: |       ..oBBoo+@*|
[   11.220387] cloud-init[635]: +----[SHA256]-----+
[   11.233134] cloud-init[635]: Generating public/private dsa key pair.
[[0;32m  OK  [0m] Listening on ACPID Listen Socket.
[[0;32m  OK  [0m] Listening on cloud-init hotplug hook socket.
[   11.246183] cloud-init[635]: Your identification has been saved in /etc/ssh/ssh_host_dsa_key.
[   11.249112] cloud-init[635]: Your public key has been saved in /etc/ssh/ssh_host_dsa_key.pub.
[[0;32m  OK  [0m] Started Discard unused blocks once a week.
[[0;32m  OK  [0m] Reached target Timers.
[   11.251000] cloud-init[635]: The key fingerprint is:[[0;32m  OK  [0m] Started Trigger to poll for Ubuntu â€¦(Only enabled on GCP LTS non-pro).
[[0;32m  OK  [0m] Reached target Paths.
[[0;32m  OK  [0m] Reached target Network is Online.

         Starting Availability of block devices...
[[0;32m  OK  [0m] Reached target Remote File Systems (Pre).
[[0;32m  OK  [0m] Reached target Remote File Systems.
[[0;32m  OK  [0m] Listening on Socket activation for snappy daemon.
[[0;32m  OK  [0m] Listening on LXD - unix socket.
[[0;32m  OK  [0m] Started Availability of block devices.
[[0;32m  OK  [0m] Reached target Sockets.
[[0;32m  OK  [0m] Reached target Basic System.
         Starting LXD - container startup/shutdown...
[[0;32m  OK  [0m] Started FUSE filesystem for LXC.
         Starting LSB: Record successful boot for GRUB...
         Starting LSB: automatic crash report generation...
         Starting Login Service...
[   11.267825] cloud-init[635]: SHA256:nHt2EwfPG9hLzQ6a+3IJC1T1tLng76ntmT3pyjxuyiE root@ubuntu-bionic         Starting System Logging Service...
         Starting Accounts Service...

[   11.330322] cloud-init[635]: The key's randomart image is:
[   11.332740] cloud-init         Starting Permit User Sessions...
[635]: +---[DSA 1024]----+
[   11.344160] cloud-init[635]: |             .. .|
[   11.344907] cloud-init[635]: |            .  oo|
[   11.356628] cloud-init[635]: |           ... o.|
[   11.368357] cloud-init[635]: |       . .. .*.o.|
[   11.369555] cloud-init[635]: |        S.  o.O.o|
[   11.370698] cloud-init[635]: |         .. .*.* |
[   11.372801] cloud-init[635]: |        .Eoo=oooo|
[   11.375283] cloud-init[635]: |         oo.*==o=|
[   11.377312] cloud-init[635]: |           o=XBOo|
[   11.379439] cloud-init[635]: +----[SHA256]-----+
[   11.381057] cloud-init[635]: Generating public/private ecdsa key pair.
[   11.384041] cloud-init[635]: Your identification has been saved in /etc/ssh/ssh_host_ecdsa_key.
[   11.387730] cloud-init[635]: Your public key has been saved in /etc/ssh/ssh_host_ecdsa_key.pub.
[   11.390805] cloud-init[635]: The key fingerprint is:
[   11.395266] cloud-init[635]: SHA256:Fw37crkTNoL40GhfInunz/aJLNJyF+2Bwt0gB/KcFK0 root@ubuntu-bionic
[   11.400458] cloud-init[635]: The key's randomart image is:
[   11.402343] cloud-init[635]: +---[ECDSA 256]---+
[   11.404281] cloud-init[635]: |        .o.      |
[   11.406021] cloud-init[635]: |      . o .+     |
[   11.415091] cloud-init[635]: |       = +o .    |
[   11.417289] cloud-init[635]: |       +E.oo .   |
[   11.421015] cloud-init[635]: |      *.S+==B    |
[   11.423470] cloud-init[635]: |     . *o++=++   |
[   11.426367] cloud-init[635]: |      ..+..oo.   |
[   11.428867] cloud-init[635]: |      o.+=o..o   |
[   11.434589] cloud-init[635]: |       +.==.o    |
[   11.435705] cloud-init[635]: +----[SHA256]-----+
[   11.436095] cloud-init[635]: Generating public/private ed25519 key pair.
[[0;32m  OK  [0m] Started irqbalance daemon.
[   11.451648] cloud-init[635]: Your identification has been saved in /etc/ssh/ssh_host_ed25519_key.
[   11.464156] cloud-init[635]: Your public key has been saved in /etc/ssh/ssh_host_ed25519_key.pub.
         Starting Dispatcher daemon for systemd-networkd...
         Starting Virtualbox guest utils...
[[0;32m  OK  [0m] Started D-Bus System Message Bus.
[   11.479338] cloud-init[635]: The key fingerprint is:
[   11.504157] cloud-init[635]: SHA256:TgY9QSu2Hc8quOQ3G6/+vD8BfhUMXM7MqtljdXz6isk root@ubuntu-bionic
[   11.505199] cloud-init[635]: The key's randomart image is:
[   11.506161] cloud-init[635]: +--[ED25519 256]--+
[   11.507501] cloud-init[635]: |       .o..+.    |
[   11.508355] cloud-init[635]: |       . o.=o    |
[   11.510914] cloud-init[635]: |      + =   =.   |
[   11.513116] cloud-init[635]: |     . =.= ...   |
[   11.518042] cloud-init[635]: |      ..S.+.. o .|
[   11.520295] cloud-init[635]: |     . +.=o. . o |
[[0;32m  OK  [0m] Started Login Service.
[[0;32m  OK  [0m] Started Unattended Upgrades Shutdown.
[[0;32m  OK  [0m] Started Deferred execution scheduler.
[   11.535355] cloud-init[635]: |    o o =.+.  .  |
[   11.560976] cloud-init[635]: |   o .o= ..o o . |
[   11.562368] cloud-init[635]: |    oo+==o..E ...|
[   11.562828] cloud-init[635]: +----[SHA256]-----+
[[0;32m  OK  [0m] Started Regular background program processing daemon.
         Starting Pollinate to seed the pseudo random number generator...
         Starting Snap Daemon...
[[0;32m  OK  [0m] Started System Logging Service.
[[0;32m  OK  [0m] Started LXD - container startup/shutdown.
[[0;32m  OK  [0m] Started Permit User Sessions.
         Starting Authorization Manager...
         Starting Hold until boot process finishes up...
         Starting Terminate Plymouth Boot Screen...
[[0;32m  OK  [0m] Started Hold until boot process finishes up.
[[0;32m  OK  [0m] Started Authorization Manager.
[[0;32m  OK  [0m] Started Terminate Plymouth Boot Screen.
[[0;32m  OK  [0m] Started Accounts Service.
[[0;32m  OK  [0m] Started Serial Getty on ttyS0.
         Starting Set console scheme...
[[0;32m  OK  [0m] Started LSB: Record successful boot for GRUB.
[[0;32m  OK  [0m] Started LSB: automatic crash report generation.
[[0;32m  OK  [0m] Started Set console scheme.
[[0;32m  OK  [0m] Created slice system-getty.slice.
[[0;32m  OK  [0m] Started Getty on tty1.
[[0;32m  OK  [0m] Reached target Login Prompts.
[[0;32m  OK  [0m] Started Virtualbox guest utils.
[[0;32m  OK  [0m] Started Dispatcher daemon for systemd-networkd.
[[0;32m  OK  [0m] Started Snap Daemon.
         Starting Wait until snapd is fully seeded...
[[0;32m  OK  [0m] Started Pollinate to seed the pseudo random number generator.
         Starting OpenBSD Secure Shell server...
[[0;32m  OK  [0m] Started OpenBSD Secure Shell server.
[[0;32m  OK  [0m] Created slice User Slice of vagrant.
         Starting User Manager for UID 1000...
[[0;32m  OK  [0m] Started Session 1 of user vagrant.
[[0;32m  OK  [0m] Started User Manager for UID 1000.
[[0;32m  OK  [0m] Started Wait until snapd is fully seeded.
         Starting Apply the settings specified in cloud-config...
[[0;32m  OK  [0m] Reached target Multi-User System.
[[0;32m  OK  [0m] Reached target Graphical Interface.
         Starting Update UTMP about System Runlevel Changes...
[[0;32m  OK  [0m] Started Update UTMP about System Runlevel Changes.
[   15.344258] cloud-init[1069]: Cloud-init v. 21.4-0ubuntu1~18.04.1 running 'modules:config' at Fri, 14 Jan 2022 09:08:39 +0000. Up 14.33 seconds.
[[0;32m  OK  [0m] Started Apply the settings specified in cloud-config.
         Starting Execute cloud user/final scripts...
ci-info: no authorized SSH keys fingerprints found for user ubuntu.
<14>Jan 14 09:08:41 cloud-init: #############################################################
<14>Jan 14 09:08:41 cloud-init: -----BEGIN SSH HOST KEY FINGERPRINTS-----
<14>Jan 14 09:08:41 cloud-init: 1024 SHA256:nHt2EwfPG9hLzQ6a+3IJC1T1tLng76ntmT3pyjxuyiE root@ubuntu-bionic (DSA)
<14>Jan 14 09:08:41 cloud-init: 256 SHA256:Fw37crkTNoL40GhfInunz/aJLNJyF+2Bwt0gB/KcFK0 root@ubuntu-bionic (ECDSA)
<14>Jan 14 09:08:41 cloud-init: 256 SHA256:TgY9QSu2Hc8quOQ3G6/+vD8BfhUMXM7MqtljdXz6isk root@ubuntu-bionic (ED25519)
<14>Jan 14 09:08:41 cloud-init: 2048 SHA256:z7bQ9vQ2aFp6pdiaA1qO1/p3L2SdOPNoHxDO/tvLpxU root@ubuntu-bionic (RSA)
<14>Jan 14 09:08:41 cloud-init: -----END SSH HOST KEY FINGERPRINTS-----
<14>Jan 14 09:08:41 cloud-init: #############################################################
-----BEGIN SSH HOST KEY KEYS-----
ecdsa-sha2-nistp256 AAAAE2VjZHNhLXNoYTItbmlzdHAyNTYAAAAIbmlzdHAyNTYAAABBBJCq0EiaXxFhvRbTMarINHLm2Uq221SvSzGrvtkyOYhZo5gsUUDvbO+GLwLDlbZJC1kJ183J5KRiW6+OWfwSlbk= root@ubuntu-bionic
ssh-ed25519 AAAAC3NzaC1lZDI1NTE5AAAAIMRyrEu2SpmsvcRZUBPd78paMgbwIEGwUTkLDTp39bOs root@ubuntu-bionic
ssh-rsa AAAAB3NzaC1yc2EAAAADAQABAAABAQC8nFvSDXtGXU8Kv4kBxhVslRFV0+CmtbVRZnrpYBsveTS2K08sUI6bLF4bCrsGirfD/UVUXd1pQcKg+jYRuQsdUfb1JvH3W7iUc1iT/mINitAXfRAmnEjw3RVmhSsKYVPxcjGSB2Vzw2Un0aYUiZeC7b5bgJTGKo3Vcs/cFB4Q5KCSRRKHN9gGwGaaGszUJq0DQ9T0HHruXWzneUCi6QSL7TVYyc+ZntlIkFxiw+36/6n35+jWHVazf6VY+uKrDLr0IWypJhsti7h/FjJ8Lk6/8QO2JYpAfiNNb8P7qNRLTfX1XBu370+h5rkI4vK53h3j8K9q8JTAZsO7vhsLn5JV root@ubuntu-bionic
-----END SSH HOST KEY KEYS-----
[   16.605217] cloud-init[1197]: Cloud-init v. 21.4-0ubuntu1~18.04.1 running 'modules:final' at Fri, 14 Jan 2022 09:08:41 +0000. Up 16.34 seconds.
[   16.616277] cloud-init[1197]: ci-info: no authorized SSH keys fingerprints found for user ubuntu.
[   16.628168] cloud-init[1197]: Cloud-init v. 21.4-0ubuntu1~18.04.1 finished at Fri, 14 Jan 2022 09:08:41 +0000. Datasource DataSourceNoCloud [seed=/dev/sdb][dsmode=net].  Up 16.59 seconds
[[0;32m  OK  [0m] Started Execute cloud user/final scripts.
[[0;32m  OK  [0m] Reached target Cloud-init target.

Ubuntu 18.04.6 LTS ubuntu-bionic ttyS0

ubuntu-bionic login: 